// Jest Snapshot v1, https://goo.gl/fbAQLP

exports[`testing sidebar should render correctly 1`] = `
Object {
  "asFragment": [Function],
  "baseElement": <body>
    <div>
      <div
        class="collapse___StyledDiv-deqgwy-0 bJjHov sidebar___StyledCollapse-sc-15m1zdu-6 jIpnwq"
        role="root"
        style="min-width: 48px; width: 0px;"
      >
        <div
          role="wrapper"
        >
          <aside
            class="sidebar___StyledAside-sc-15m1zdu-7 hzJcaN"
          >
            <ul>
              <li
                class="sidebar___StyledLi-sc-15m1zdu-0 eEWGUg"
              >
                <div
                  class="sidebar___StyledDiv-sc-15m1zdu-1 flex items-center justify-start py-3 pr-4 transition-all pl-3"
                >
                  <span
                    class="sidebar___StyledSpan-sc-15m1zdu-2 CYwdk"
                  >
                    Dashboard
                  </span>
                  <svg
                    aria-hidden="true"
                    class="svg-inline--fa fa-chevron-left fa-w-10 sidebar___StyledFontAwesomeIcon-sc-15m1zdu-3 gTgPKq transform rotate-0"
                    data-icon="chevron-left"
                    data-prefix="fas"
                    focusable="false"
                    role="img"
                    viewBox="0 0 320 512"
                    xmlns="http://www.w3.org/2000/svg"
                  >
                    <path
                      d="M34.52 239.03L228.87 44.69c9.37-9.37 24.57-9.37 33.94 0l22.67 22.67c9.36 9.36 9.37 24.52.04 33.9L131.49 256l154.02 154.75c9.34 9.38 9.32 24.54-.04 33.9l-22.67 22.67c-9.37 9.37-24.57 9.37-33.94 0L34.52 272.97c-9.37-9.37-9.37-24.57 0-33.94z"
                      fill="currentColor"
                    />
                  </svg>
                </div>
                <div
                  class="collapse___StyledDiv-deqgwy-0 dISutg"
                  role="root"
                  style="min-height: 0px; max-height: 0px;"
                >
                  <div
                    role="wrapper"
                  >
                    <ul
                      class="sidebar___StyledUl-sc-15m1zdu-5 gMbmau"
                    >
                      <li
                        class="sidebar___StyledLi-sc-15m1zdu-0 cmTzXe"
                      >
                        <div
                          class="sidebar___StyledDiv-sc-15m1zdu-1 flex items-center justify-start py-3 pr-4 transition-all pl-5"
                        >
                          <span
                            class="sidebar___StyledSpan-sc-15m1zdu-2 CYwdk"
                          >
                            Dashboard v1
                          </span>
                          <svg
                            aria-hidden="true"
                            class="svg-inline--fa fa-chevron-left fa-w-10 sidebar___StyledFontAwesomeIcon-sc-15m1zdu-3 gTgPKq transform rotate-0"
                            data-icon="chevron-left"
                            data-prefix="fas"
                            focusable="false"
                            role="img"
                            viewBox="0 0 320 512"
                            xmlns="http://www.w3.org/2000/svg"
                          >
                            <path
                              d="M34.52 239.03L228.87 44.69c9.37-9.37 24.57-9.37 33.94 0l22.67 22.67c9.36 9.36 9.37 24.52.04 33.9L131.49 256l154.02 154.75c9.34 9.38 9.32 24.54-.04 33.9l-22.67 22.67c-9.37 9.37-24.57 9.37-33.94 0L34.52 272.97c-9.37-9.37-9.37-24.57 0-33.94z"
                              fill="currentColor"
                            />
                          </svg>
                        </div>
                        <div
                          class="collapse___StyledDiv-deqgwy-0 dISutg"
                          role="root"
                          style="min-height: 0px; max-height: 0px;"
                        >
                          <div
                            role="wrapper"
                          >
                            <ul
                              class="sidebar___StyledUl-sc-15m1zdu-5 gMbmau"
                            >
                              <li
                                class="sidebar___StyledLi-sc-15m1zdu-0 cmTzXe"
                              >
                                <div
                                  class="sidebar___StyledDiv-sc-15m1zdu-1 flex items-center justify-start py-3 pr-4 transition-all pl-7"
                                >
                                  <span
                                    class="sidebar___StyledSpan-sc-15m1zdu-2 CYwdk"
                                  >
                                    Dashboard v1 v1
                                  </span>
                                  <svg
                                    aria-hidden="true"
                                    class="svg-inline--fa fa-chevron-left fa-w-10 sidebar___StyledFontAwesomeIcon-sc-15m1zdu-3 gTgPKq transform rotate-0"
                                    data-icon="chevron-left"
                                    data-prefix="fas"
                                    focusable="false"
                                    role="img"
                                    viewBox="0 0 320 512"
                                    xmlns="http://www.w3.org/2000/svg"
                                  >
                                    <path
                                      d="M34.52 239.03L228.87 44.69c9.37-9.37 24.57-9.37 33.94 0l22.67 22.67c9.36 9.36 9.37 24.52.04 33.9L131.49 256l154.02 154.75c9.34 9.38 9.32 24.54-.04 33.9l-22.67 22.67c-9.37 9.37-24.57 9.37-33.94 0L34.52 272.97c-9.37-9.37-9.37-24.57 0-33.94z"
                                      fill="currentColor"
                                    />
                                  </svg>
                                </div>
                                <div
                                  class="collapse___StyledDiv-deqgwy-0 dISutg"
                                  role="root"
                                  style="min-height: 0px; max-height: 0px;"
                                >
                                  <div
                                    role="wrapper"
                                  >
                                    <ul
                                      class="sidebar___StyledUl-sc-15m1zdu-5 gMbmau"
                                    >
                                      <li
                                        class="sidebar___StyledLi-sc-15m1zdu-0 cmTzXe"
                                      >
                                        <div
                                          class="sidebar___StyledDiv-sc-15m1zdu-1 flex items-center justify-start py-3 pr-4 transition-all pl-9"
                                        >
                                          <span
                                            class="sidebar___StyledSpan-sc-15m1zdu-2 CYwdk"
                                          >
                                            Dashboard v1 v1 v1
                                          </span>
                                        </div>
                                        <div
                                          class="collapse___StyledDiv-deqgwy-0 dISutg"
                                          role="root"
                                          style="min-height: 0px; max-height: 0px;"
                                        >
                                          <div
                                            role="wrapper"
                                          />
                                        </div>
                                      </li>
                                    </ul>
                                  </div>
                                </div>
                              </li>
                              <li
                                class="sidebar___StyledLi-sc-15m1zdu-0 cmTzXe"
                              >
                                <div
                                  class="sidebar___StyledDiv-sc-15m1zdu-1 flex items-center justify-start py-3 pr-4 transition-all pl-7"
                                >
                                  <span
                                    class="sidebar___StyledSpan-sc-15m1zdu-2 CYwdk"
                                  >
                                    Dashboard v1 v2
                                  </span>
                                </div>
                                <div
                                  class="collapse___StyledDiv-deqgwy-0 dISutg"
                                  role="root"
                                  style="min-height: 0px; max-height: 0px;"
                                >
                                  <div
                                    role="wrapper"
                                  />
                                </div>
                              </li>
                            </ul>
                          </div>
                        </div>
                      </li>
                      <li
                        class="sidebar___StyledLi-sc-15m1zdu-0 cmTzXe"
                      >
                        <div
                          class="sidebar___StyledDiv-sc-15m1zdu-1 flex items-center justify-start py-3 pr-4 transition-all pl-5"
                        >
                          <span
                            class="sidebar___StyledSpan-sc-15m1zdu-2 CYwdk"
                          >
                            Dashboard v2
                          </span>
                        </div>
                        <div
                          class="collapse___StyledDiv-deqgwy-0 dISutg"
                          role="root"
                          style="min-height: 0px; max-height: 0px;"
                        >
                          <div
                            role="wrapper"
                          />
                        </div>
                      </li>
                    </ul>
                  </div>
                </div>
              </li>
              <li
                class="sidebar___StyledLi-sc-15m1zdu-0 eEWGUg"
              >
                <div
                  class="sidebar___StyledDiv-sc-15m1zdu-1 flex items-center justify-start py-3 pr-4 transition-all pl-3"
                >
                  <span
                    class="sidebar___StyledSpan-sc-15m1zdu-2 CYwdk"
                  >
                    About
                  </span>
                </div>
                <div
                  class="collapse___StyledDiv-deqgwy-0 dISutg"
                  role="root"
                  style="min-height: 0px; max-height: 0px;"
                >
                  <div
                    role="wrapper"
                  />
                </div>
              </li>
            </ul>
          </aside>
        </div>
      </div>
    </div>
  </body>,
  "container": <div>
    <div
      class="collapse___StyledDiv-deqgwy-0 bJjHov sidebar___StyledCollapse-sc-15m1zdu-6 jIpnwq"
      role="root"
      style="min-width: 48px; width: 0px;"
    >
      <div
        role="wrapper"
      >
        <aside
          class="sidebar___StyledAside-sc-15m1zdu-7 hzJcaN"
        >
          <ul>
            <li
              class="sidebar___StyledLi-sc-15m1zdu-0 eEWGUg"
            >
              <div
                class="sidebar___StyledDiv-sc-15m1zdu-1 flex items-center justify-start py-3 pr-4 transition-all pl-3"
              >
                <span
                  class="sidebar___StyledSpan-sc-15m1zdu-2 CYwdk"
                >
                  Dashboard
                </span>
                <svg
                  aria-hidden="true"
                  class="svg-inline--fa fa-chevron-left fa-w-10 sidebar___StyledFontAwesomeIcon-sc-15m1zdu-3 gTgPKq transform rotate-0"
                  data-icon="chevron-left"
                  data-prefix="fas"
                  focusable="false"
                  role="img"
                  viewBox="0 0 320 512"
                  xmlns="http://www.w3.org/2000/svg"
                >
                  <path
                    d="M34.52 239.03L228.87 44.69c9.37-9.37 24.57-9.37 33.94 0l22.67 22.67c9.36 9.36 9.37 24.52.04 33.9L131.49 256l154.02 154.75c9.34 9.38 9.32 24.54-.04 33.9l-22.67 22.67c-9.37 9.37-24.57 9.37-33.94 0L34.52 272.97c-9.37-9.37-9.37-24.57 0-33.94z"
                    fill="currentColor"
                  />
                </svg>
              </div>
              <div
                class="collapse___StyledDiv-deqgwy-0 dISutg"
                role="root"
                style="min-height: 0px; max-height: 0px;"
              >
                <div
                  role="wrapper"
                >
                  <ul
                    class="sidebar___StyledUl-sc-15m1zdu-5 gMbmau"
                  >
                    <li
                      class="sidebar___StyledLi-sc-15m1zdu-0 cmTzXe"
                    >
                      <div
                        class="sidebar___StyledDiv-sc-15m1zdu-1 flex items-center justify-start py-3 pr-4 transition-all pl-5"
                      >
                        <span
                          class="sidebar___StyledSpan-sc-15m1zdu-2 CYwdk"
                        >
                          Dashboard v1
                        </span>
                        <svg
                          aria-hidden="true"
                          class="svg-inline--fa fa-chevron-left fa-w-10 sidebar___StyledFontAwesomeIcon-sc-15m1zdu-3 gTgPKq transform rotate-0"
                          data-icon="chevron-left"
                          data-prefix="fas"
                          focusable="false"
                          role="img"
                          viewBox="0 0 320 512"
                          xmlns="http://www.w3.org/2000/svg"
                        >
                          <path
                            d="M34.52 239.03L228.87 44.69c9.37-9.37 24.57-9.37 33.94 0l22.67 22.67c9.36 9.36 9.37 24.52.04 33.9L131.49 256l154.02 154.75c9.34 9.38 9.32 24.54-.04 33.9l-22.67 22.67c-9.37 9.37-24.57 9.37-33.94 0L34.52 272.97c-9.37-9.37-9.37-24.57 0-33.94z"
                            fill="currentColor"
                          />
                        </svg>
                      </div>
                      <div
                        class="collapse___StyledDiv-deqgwy-0 dISutg"
                        role="root"
                        style="min-height: 0px; max-height: 0px;"
                      >
                        <div
                          role="wrapper"
                        >
                          <ul
                            class="sidebar___StyledUl-sc-15m1zdu-5 gMbmau"
                          >
                            <li
                              class="sidebar___StyledLi-sc-15m1zdu-0 cmTzXe"
                            >
                              <div
                                class="sidebar___StyledDiv-sc-15m1zdu-1 flex items-center justify-start py-3 pr-4 transition-all pl-7"
                              >
                                <span
                                  class="sidebar___StyledSpan-sc-15m1zdu-2 CYwdk"
                                >
                                  Dashboard v1 v1
                                </span>
                                <svg
                                  aria-hidden="true"
                                  class="svg-inline--fa fa-chevron-left fa-w-10 sidebar___StyledFontAwesomeIcon-sc-15m1zdu-3 gTgPKq transform rotate-0"
                                  data-icon="chevron-left"
                                  data-prefix="fas"
                                  focusable="false"
                                  role="img"
                                  viewBox="0 0 320 512"
                                  xmlns="http://www.w3.org/2000/svg"
                                >
                                  <path
                                    d="M34.52 239.03L228.87 44.69c9.37-9.37 24.57-9.37 33.94 0l22.67 22.67c9.36 9.36 9.37 24.52.04 33.9L131.49 256l154.02 154.75c9.34 9.38 9.32 24.54-.04 33.9l-22.67 22.67c-9.37 9.37-24.57 9.37-33.94 0L34.52 272.97c-9.37-9.37-9.37-24.57 0-33.94z"
                                    fill="currentColor"
                                  />
                                </svg>
                              </div>
                              <div
                                class="collapse___StyledDiv-deqgwy-0 dISutg"
                                role="root"
                                style="min-height: 0px; max-height: 0px;"
                              >
                                <div
                                  role="wrapper"
                                >
                                  <ul
                                    class="sidebar___StyledUl-sc-15m1zdu-5 gMbmau"
                                  >
                                    <li
                                      class="sidebar___StyledLi-sc-15m1zdu-0 cmTzXe"
                                    >
                                      <div
                                        class="sidebar___StyledDiv-sc-15m1zdu-1 flex items-center justify-start py-3 pr-4 transition-all pl-9"
                                      >
                                        <span
                                          class="sidebar___StyledSpan-sc-15m1zdu-2 CYwdk"
                                        >
                                          Dashboard v1 v1 v1
                                        </span>
                                      </div>
                                      <div
                                        class="collapse___StyledDiv-deqgwy-0 dISutg"
                                        role="root"
                                        style="min-height: 0px; max-height: 0px;"
                                      >
                                        <div
                                          role="wrapper"
                                        />
                                      </div>
                                    </li>
                                  </ul>
                                </div>
                              </div>
                            </li>
                            <li
                              class="sidebar___StyledLi-sc-15m1zdu-0 cmTzXe"
                            >
                              <div
                                class="sidebar___StyledDiv-sc-15m1zdu-1 flex items-center justify-start py-3 pr-4 transition-all pl-7"
                              >
                                <span
                                  class="sidebar___StyledSpan-sc-15m1zdu-2 CYwdk"
                                >
                                  Dashboard v1 v2
                                </span>
                              </div>
                              <div
                                class="collapse___StyledDiv-deqgwy-0 dISutg"
                                role="root"
                                style="min-height: 0px; max-height: 0px;"
                              >
                                <div
                                  role="wrapper"
                                />
                              </div>
                            </li>
                          </ul>
                        </div>
                      </div>
                    </li>
                    <li
                      class="sidebar___StyledLi-sc-15m1zdu-0 cmTzXe"
                    >
                      <div
                        class="sidebar___StyledDiv-sc-15m1zdu-1 flex items-center justify-start py-3 pr-4 transition-all pl-5"
                      >
                        <span
                          class="sidebar___StyledSpan-sc-15m1zdu-2 CYwdk"
                        >
                          Dashboard v2
                        </span>
                      </div>
                      <div
                        class="collapse___StyledDiv-deqgwy-0 dISutg"
                        role="root"
                        style="min-height: 0px; max-height: 0px;"
                      >
                        <div
                          role="wrapper"
                        />
                      </div>
                    </li>
                  </ul>
                </div>
              </div>
            </li>
            <li
              class="sidebar___StyledLi-sc-15m1zdu-0 eEWGUg"
            >
              <div
                class="sidebar___StyledDiv-sc-15m1zdu-1 flex items-center justify-start py-3 pr-4 transition-all pl-3"
              >
                <span
                  class="sidebar___StyledSpan-sc-15m1zdu-2 CYwdk"
                >
                  About
                </span>
              </div>
              <div
                class="collapse___StyledDiv-deqgwy-0 dISutg"
                role="root"
                style="min-height: 0px; max-height: 0px;"
              >
                <div
                  role="wrapper"
                />
              </div>
            </li>
          </ul>
        </aside>
      </div>
    </div>
  </div>,
  "debug": [Function],
  "findAllByAltText": [Function],
  "findAllByDisplayValue": [Function],
  "findAllByLabelText": [Function],
  "findAllByPlaceholderText": [Function],
  "findAllByRole": [Function],
  "findAllByTestId": [Function],
  "findAllByText": [Function],
  "findAllByTitle": [Function],
  "findByAltText": [Function],
  "findByDisplayValue": [Function],
  "findByLabelText": [Function],
  "findByPlaceholderText": [Function],
  "findByRole": [Function],
  "findByTestId": [Function],
  "findByText": [Function],
  "findByTitle": [Function],
  "getAllByAltText": [Function],
  "getAllByDisplayValue": [Function],
  "getAllByLabelText": [Function],
  "getAllByPlaceholderText": [Function],
  "getAllByRole": [Function],
  "getAllByTestId": [Function],
  "getAllByText": [Function],
  "getAllByTitle": [Function],
  "getByAltText": [Function],
  "getByDisplayValue": [Function],
  "getByLabelText": [Function],
  "getByPlaceholderText": [Function],
  "getByRole": [Function],
  "getByTestId": [Function],
  "getByText": [Function],
  "getByTitle": [Function],
  "queryAllByAltText": [Function],
  "queryAllByDisplayValue": [Function],
  "queryAllByLabelText": [Function],
  "queryAllByPlaceholderText": [Function],
  "queryAllByRole": [Function],
  "queryAllByTestId": [Function],
  "queryAllByText": [Function],
  "queryAllByTitle": [Function],
  "queryByAltText": [Function],
  "queryByDisplayValue": [Function],
  "queryByLabelText": [Function],
  "queryByPlaceholderText": [Function],
  "queryByRole": [Function],
  "queryByTestId": [Function],
  "queryByText": [Function],
  "queryByTitle": [Function],
  "rerender": [Function],
  "unmount": [Function],
}
`;
