// Jest Snapshot v1, https://goo.gl/fbAQLP

exports[`test <DefaultLayout /> should render correctly 1`] = `
Object {
  "asFragment": [Function],
  "baseElement": <body>
    <div>
      <div
        class="default___StyledDiv-e9wyj8-0 dBFzVD"
      >
        <header
          class="header___StyledHeader-sc-1s030ou-2 bojRlJ"
        >
          <a
            class="header___StyledA-sc-1s030ou-3 eyqAGb"
            data-testid="logo"
          >
            <span
              class="header___StyledSpan-sc-1s030ou-4 Bwhus"
            >
              <b>
                Admin
              </b>
              LTE
            </span>
          </a>
          <nav
            class="header___StyledNav-sc-1s030ou-5 diCVYK"
          >
            <span
              class="header__StyledSpan-sc-1s030ou-0 header___StyledStyledSpan-sc-1s030ou-1 hpIcQv jNSywt"
              data-testid="menu"
            >
              <svg
                aria-hidden="true"
                class="svg-inline--fa fa-bars fa-w-14 "
                data-icon="bars"
                data-prefix="fas"
                focusable="false"
                role="img"
                viewBox="0 0 448 512"
                xmlns="http://www.w3.org/2000/svg"
              >
                <path
                  d="M16 132h416c8.837 0 16-7.163 16-16V76c0-8.837-7.163-16-16-16H16C7.163 60 0 67.163 0 76v40c0 8.837 7.163 16 16 16zm0 160h416c8.837 0 16-7.163 16-16v-40c0-8.837-7.163-16-16-16H16c-8.837 0-16 7.163-16 16v40c0 8.837 7.163 16 16 16zm0 160h416c8.837 0 16-7.163 16-16v-40c0-8.837-7.163-16-16-16H16c-8.837 0-16 7.163-16 16v40c0 8.837 7.163 16 16 16z"
                  fill="currentColor"
                />
              </svg>
            </span>
            <div>
              <ul
                class="header___StyledUl-sc-1s030ou-6 hHkawK"
              >
                <li>
                  <div
                    data-testid="functions"
                  >
                    <span
                      class="header__StyledSpan-sc-1s030ou-0 hpIcQv"
                    >
                      Alexander Pierce
                    </span>
                  </div>
                </li>
                <li>
                  <span
                    class="header__StyledSpan-sc-1s030ou-0 hpIcQv"
                  >
                    <svg
                      aria-hidden="true"
                      class="svg-inline--fa fa-cogs fa-w-20 "
                      data-icon="cogs"
                      data-prefix="fas"
                      focusable="false"
                      role="img"
                      viewBox="0 0 640 512"
                      xmlns="http://www.w3.org/2000/svg"
                    >
                      <path
                        d="M512.1 191l-8.2 14.3c-3 5.3-9.4 7.5-15.1 5.4-11.8-4.4-22.6-10.7-32.1-18.6-4.6-3.8-5.8-10.5-2.8-15.7l8.2-14.3c-6.9-8-12.3-17.3-15.9-27.4h-16.5c-6 0-11.2-4.3-12.2-10.3-2-12-2.1-24.6 0-37.1 1-6 6.2-10.4 12.2-10.4h16.5c3.6-10.1 9-19.4 15.9-27.4l-8.2-14.3c-3-5.2-1.9-11.9 2.8-15.7 9.5-7.9 20.4-14.2 32.1-18.6 5.7-2.1 12.1.1 15.1 5.4l8.2 14.3c10.5-1.9 21.2-1.9 31.7 0L552 6.3c3-5.3 9.4-7.5 15.1-5.4 11.8 4.4 22.6 10.7 32.1 18.6 4.6 3.8 5.8 10.5 2.8 15.7l-8.2 14.3c6.9 8 12.3 17.3 15.9 27.4h16.5c6 0 11.2 4.3 12.2 10.3 2 12 2.1 24.6 0 37.1-1 6-6.2 10.4-12.2 10.4h-16.5c-3.6 10.1-9 19.4-15.9 27.4l8.2 14.3c3 5.2 1.9 11.9-2.8 15.7-9.5 7.9-20.4 14.2-32.1 18.6-5.7 2.1-12.1-.1-15.1-5.4l-8.2-14.3c-10.4 1.9-21.2 1.9-31.7 0zm-10.5-58.8c38.5 29.6 82.4-14.3 52.8-52.8-38.5-29.7-82.4 14.3-52.8 52.8zM386.3 286.1l33.7 16.8c10.1 5.8 14.5 18.1 10.5 29.1-8.9 24.2-26.4 46.4-42.6 65.8-7.4 8.9-20.2 11.1-30.3 5.3l-29.1-16.8c-16 13.7-34.6 24.6-54.9 31.7v33.6c0 11.6-8.3 21.6-19.7 23.6-24.6 4.2-50.4 4.4-75.9 0-11.5-2-20-11.9-20-23.6V418c-20.3-7.2-38.9-18-54.9-31.7L74 403c-10 5.8-22.9 3.6-30.3-5.3-16.2-19.4-33.3-41.6-42.2-65.7-4-10.9.4-23.2 10.5-29.1l33.3-16.8c-3.9-20.9-3.9-42.4 0-63.4L12 205.8c-10.1-5.8-14.6-18.1-10.5-29 8.9-24.2 26-46.4 42.2-65.8 7.4-8.9 20.2-11.1 30.3-5.3l29.1 16.8c16-13.7 34.6-24.6 54.9-31.7V57.1c0-11.5 8.2-21.5 19.6-23.5 24.6-4.2 50.5-4.4 76-.1 11.5 2 20 11.9 20 23.6v33.6c20.3 7.2 38.9 18 54.9 31.7l29.1-16.8c10-5.8 22.9-3.6 30.3 5.3 16.2 19.4 33.2 41.6 42.1 65.8 4 10.9.1 23.2-10 29.1l-33.7 16.8c3.9 21 3.9 42.5 0 63.5zm-117.6 21.1c59.2-77-28.7-164.9-105.7-105.7-59.2 77 28.7 164.9 105.7 105.7zm243.4 182.7l-8.2 14.3c-3 5.3-9.4 7.5-15.1 5.4-11.8-4.4-22.6-10.7-32.1-18.6-4.6-3.8-5.8-10.5-2.8-15.7l8.2-14.3c-6.9-8-12.3-17.3-15.9-27.4h-16.5c-6 0-11.2-4.3-12.2-10.3-2-12-2.1-24.6 0-37.1 1-6 6.2-10.4 12.2-10.4h16.5c3.6-10.1 9-19.4 15.9-27.4l-8.2-14.3c-3-5.2-1.9-11.9 2.8-15.7 9.5-7.9 20.4-14.2 32.1-18.6 5.7-2.1 12.1.1 15.1 5.4l8.2 14.3c10.5-1.9 21.2-1.9 31.7 0l8.2-14.3c3-5.3 9.4-7.5 15.1-5.4 11.8 4.4 22.6 10.7 32.1 18.6 4.6 3.8 5.8 10.5 2.8 15.7l-8.2 14.3c6.9 8 12.3 17.3 15.9 27.4h16.5c6 0 11.2 4.3 12.2 10.3 2 12 2.1 24.6 0 37.1-1 6-6.2 10.4-12.2 10.4h-16.5c-3.6 10.1-9 19.4-15.9 27.4l8.2 14.3c3 5.2 1.9 11.9-2.8 15.7-9.5 7.9-20.4 14.2-32.1 18.6-5.7 2.1-12.1-.1-15.1-5.4l-8.2-14.3c-10.4 1.9-21.2 1.9-31.7 0zM501.6 431c38.5 29.6 82.4-14.3 52.8-52.8-38.5-29.6-82.4 14.3-52.8 52.8z"
                        fill="currentColor"
                      />
                    </svg>
                  </span>
                </li>
              </ul>
            </div>
          </nav>
        </header>
        <div
          class="default___StyledDiv2-e9wyj8-1 gFZhWL"
        >
          <div
            class="collapse___StyledDiv-deqgwy-0 bJjHov sidebar___StyledCollapse-sc-15m1zdu-6 jIpnwq"
            role="root"
            style="min-width: 48px; width: 0px;"
          >
            <div
              role="wrapper"
            >
              <aside
                class="sidebar___StyledAside-sc-15m1zdu-7 hzJcaN"
              >
                <ul>
                  <li
                    class="sidebar___StyledLi-sc-15m1zdu-0 eEWGUg"
                  >
                    <div
                      class="sidebar___StyledDiv-sc-15m1zdu-1 flex items-center justify-start py-3 pr-4 transition-all pl-3"
                    >
                      <svg
                        aria-hidden="true"
                        class="svg-inline--fa fa-cog fa-w-16 !w-3 mr-2"
                        data-icon="cog"
                        data-prefix="fas"
                        focusable="false"
                        role="img"
                        viewBox="0 0 512 512"
                        xmlns="http://www.w3.org/2000/svg"
                      >
                        <path
                          d="M487.4 315.7l-42.6-24.6c4.3-23.2 4.3-47 0-70.2l42.6-24.6c4.9-2.8 7.1-8.6 5.5-14-11.1-35.6-30-67.8-54.7-94.6-3.8-4.1-10-5.1-14.8-2.3L380.8 110c-17.9-15.4-38.5-27.3-60.8-35.1V25.8c0-5.6-3.9-10.5-9.4-11.7-36.7-8.2-74.3-7.8-109.2 0-5.5 1.2-9.4 6.1-9.4 11.7V75c-22.2 7.9-42.8 19.8-60.8 35.1L88.7 85.5c-4.9-2.8-11-1.9-14.8 2.3-24.7 26.7-43.6 58.9-54.7 94.6-1.7 5.4.6 11.2 5.5 14L67.3 221c-4.3 23.2-4.3 47 0 70.2l-42.6 24.6c-4.9 2.8-7.1 8.6-5.5 14 11.1 35.6 30 67.8 54.7 94.6 3.8 4.1 10 5.1 14.8 2.3l42.6-24.6c17.9 15.4 38.5 27.3 60.8 35.1v49.2c0 5.6 3.9 10.5 9.4 11.7 36.7 8.2 74.3 7.8 109.2 0 5.5-1.2 9.4-6.1 9.4-11.7v-49.2c22.2-7.9 42.8-19.8 60.8-35.1l42.6 24.6c4.9 2.8 11 1.9 14.8-2.3 24.7-26.7 43.6-58.9 54.7-94.6 1.5-5.5-.7-11.3-5.6-14.1zM256 336c-44.1 0-80-35.9-80-80s35.9-80 80-80 80 35.9 80 80-35.9 80-80 80z"
                          fill="currentColor"
                        />
                      </svg>
                      <span
                        class="sidebar___StyledSpan-sc-15m1zdu-2 CYwdk"
                      >
                        系統管理
                      </span>
                      <svg
                        aria-hidden="true"
                        class="svg-inline--fa fa-chevron-left fa-w-10 sidebar___StyledFontAwesomeIcon-sc-15m1zdu-3 gTgPKq transform rotate-0"
                        data-icon="chevron-left"
                        data-prefix="fas"
                        focusable="false"
                        role="img"
                        viewBox="0 0 320 512"
                        xmlns="http://www.w3.org/2000/svg"
                      >
                        <path
                          d="M34.52 239.03L228.87 44.69c9.37-9.37 24.57-9.37 33.94 0l22.67 22.67c9.36 9.36 9.37 24.52.04 33.9L131.49 256l154.02 154.75c9.34 9.38 9.32 24.54-.04 33.9l-22.67 22.67c-9.37 9.37-24.57 9.37-33.94 0L34.52 272.97c-9.37-9.37-9.37-24.57 0-33.94z"
                          fill="currentColor"
                        />
                      </svg>
                    </div>
                    <div
                      class="collapse___StyledDiv-deqgwy-0 dISutg"
                      role="root"
                      style="min-height: 0px; max-height: 0px;"
                    >
                      <div
                        role="wrapper"
                      >
                        <ul
                          class="sidebar___StyledUl-sc-15m1zdu-5 gMbmau"
                        >
                          <li
                            class="sidebar___StyledLi-sc-15m1zdu-0 cmTzXe"
                          >
                            <div
                              class="sidebar___StyledDiv-sc-15m1zdu-1 flex items-center justify-start py-3 pr-4 transition-all pl-5"
                            >
                              <svg
                                aria-hidden="true"
                                class="svg-inline--fa fa-user-cog fa-w-20 !w-3 mr-2"
                                data-icon="user-cog"
                                data-prefix="fas"
                                focusable="false"
                                role="img"
                                viewBox="0 0 640 512"
                                xmlns="http://www.w3.org/2000/svg"
                              >
                                <path
                                  d="M610.5 373.3c2.6-14.1 2.6-28.5 0-42.6l25.8-14.9c3-1.7 4.3-5.2 3.3-8.5-6.7-21.6-18.2-41.2-33.2-57.4-2.3-2.5-6-3.1-9-1.4l-25.8 14.9c-10.9-9.3-23.4-16.5-36.9-21.3v-29.8c0-3.4-2.4-6.4-5.7-7.1-22.3-5-45-4.8-66.2 0-3.3.7-5.7 3.7-5.7 7.1v29.8c-13.5 4.8-26 12-36.9 21.3l-25.8-14.9c-2.9-1.7-6.7-1.1-9 1.4-15 16.2-26.5 35.8-33.2 57.4-1 3.3.4 6.8 3.3 8.5l25.8 14.9c-2.6 14.1-2.6 28.5 0 42.6l-25.8 14.9c-3 1.7-4.3 5.2-3.3 8.5 6.7 21.6 18.2 41.1 33.2 57.4 2.3 2.5 6 3.1 9 1.4l25.8-14.9c10.9 9.3 23.4 16.5 36.9 21.3v29.8c0 3.4 2.4 6.4 5.7 7.1 22.3 5 45 4.8 66.2 0 3.3-.7 5.7-3.7 5.7-7.1v-29.8c13.5-4.8 26-12 36.9-21.3l25.8 14.9c2.9 1.7 6.7 1.1 9-1.4 15-16.2 26.5-35.8 33.2-57.4 1-3.3-.4-6.8-3.3-8.5l-25.8-14.9zM496 400.5c-26.8 0-48.5-21.8-48.5-48.5s21.8-48.5 48.5-48.5 48.5 21.8 48.5 48.5-21.7 48.5-48.5 48.5zM224 256c70.7 0 128-57.3 128-128S294.7 0 224 0 96 57.3 96 128s57.3 128 128 128zm201.2 226.5c-2.3-1.2-4.6-2.6-6.8-3.9l-7.9 4.6c-6 3.4-12.8 5.3-19.6 5.3-10.9 0-21.4-4.6-28.9-12.6-18.3-19.8-32.3-43.9-40.2-69.6-5.5-17.7 1.9-36.4 17.9-45.7l7.9-4.6c-.1-2.6-.1-5.2 0-7.8l-7.9-4.6c-16-9.2-23.4-28-17.9-45.7.9-2.9 2.2-5.8 3.2-8.7-3.8-.3-7.5-1.2-11.4-1.2h-16.7c-22.2 10.2-46.9 16-72.9 16s-50.6-5.8-72.9-16h-16.7C60.2 288 0 348.2 0 422.4V464c0 26.5 21.5 48 48 48h352c10.1 0 19.5-3.2 27.2-8.5-1.2-3.8-2-7.7-2-11.8v-9.2z"
                                  fill="currentColor"
                                />
                              </svg>
                              <span
                                class="sidebar___StyledSpan-sc-15m1zdu-2 CYwdk"
                              >
                                帳號管理
                              </span>
                            </div>
                            <div
                              class="collapse___StyledDiv-deqgwy-0 dISutg"
                              role="root"
                              style="min-height: 0px; max-height: 0px;"
                            >
                              <div
                                role="wrapper"
                              />
                            </div>
                          </li>
                          <li
                            class="sidebar___StyledLi-sc-15m1zdu-0 cmTzXe"
                          >
                            <div
                              class="sidebar___StyledDiv-sc-15m1zdu-1 flex items-center justify-start py-3 pr-4 transition-all pl-5"
                            >
                              <svg
                                aria-hidden="true"
                                class="svg-inline--fa fa-user-tie fa-w-14 !w-3 mr-2"
                                data-icon="user-tie"
                                data-prefix="fas"
                                focusable="false"
                                role="img"
                                viewBox="0 0 448 512"
                                xmlns="http://www.w3.org/2000/svg"
                              >
                                <path
                                  d="M224 256c70.7 0 128-57.3 128-128S294.7 0 224 0 96 57.3 96 128s57.3 128 128 128zm95.8 32.6L272 480l-32-136 32-56h-96l32 56-32 136-47.8-191.4C56.9 292 0 350.3 0 422.4V464c0 26.5 21.5 48 48 48h352c26.5 0 48-21.5 48-48v-41.6c0-72.1-56.9-130.4-128.2-133.8z"
                                  fill="currentColor"
                                />
                              </svg>
                              <span
                                class="sidebar___StyledSpan-sc-15m1zdu-2 CYwdk"
                              >
                                角色管理
                              </span>
                            </div>
                            <div
                              class="collapse___StyledDiv-deqgwy-0 dISutg"
                              role="root"
                              style="min-height: 0px; max-height: 0px;"
                            >
                              <div
                                role="wrapper"
                              />
                            </div>
                          </li>
                        </ul>
                      </div>
                    </div>
                  </li>
                  <li
                    class="sidebar___StyledLi-sc-15m1zdu-0 eEWGUg"
                  >
                    <div
                      class="sidebar___StyledDiv-sc-15m1zdu-1 flex items-center justify-start py-3 pr-4 transition-all pl-3"
                    >
                      <svg
                        aria-hidden="true"
                        class="svg-inline--fa fa-tachometer-alt fa-w-18 !w-3 mr-2"
                        data-icon="tachometer-alt"
                        data-prefix="fas"
                        focusable="false"
                        role="img"
                        viewBox="0 0 576 512"
                        xmlns="http://www.w3.org/2000/svg"
                      >
                        <path
                          d="M288 32C128.94 32 0 160.94 0 320c0 52.8 14.25 102.26 39.06 144.8 5.61 9.62 16.3 15.2 27.44 15.2h443c11.14 0 21.83-5.58 27.44-15.2C561.75 422.26 576 372.8 576 320c0-159.06-128.94-288-288-288zm0 64c14.71 0 26.58 10.13 30.32 23.65-1.11 2.26-2.64 4.23-3.45 6.67l-9.22 27.67c-5.13 3.49-10.97 6.01-17.64 6.01-17.67 0-32-14.33-32-32S270.33 96 288 96zM96 384c-17.67 0-32-14.33-32-32s14.33-32 32-32 32 14.33 32 32-14.33 32-32 32zm48-160c-17.67 0-32-14.33-32-32s14.33-32 32-32 32 14.33 32 32-14.33 32-32 32zm246.77-72.41l-61.33 184C343.13 347.33 352 364.54 352 384c0 11.72-3.38 22.55-8.88 32H232.88c-5.5-9.45-8.88-20.28-8.88-32 0-33.94 26.5-61.43 59.9-63.59l61.34-184.01c4.17-12.56 17.73-19.45 30.36-15.17 12.57 4.19 19.35 17.79 15.17 30.36zm14.66 57.2l15.52-46.55c3.47-1.29 7.13-2.23 11.05-2.23 17.67 0 32 14.33 32 32s-14.33 32-32 32c-11.38-.01-20.89-6.28-26.57-15.22zM480 384c-17.67 0-32-14.33-32-32s14.33-32 32-32 32 14.33 32 32-14.33 32-32 32z"
                          fill="currentColor"
                        />
                      </svg>
                      <span
                        class="sidebar___StyledSpan-sc-15m1zdu-2 CYwdk"
                      >
                        About
                      </span>
                    </div>
                    <div
                      class="collapse___StyledDiv-deqgwy-0 dISutg"
                      role="root"
                      style="min-height: 0px; max-height: 0px;"
                    >
                      <div
                        role="wrapper"
                      />
                    </div>
                  </li>
                </ul>
              </aside>
            </div>
          </div>
          <div
            class="default___StyledTransitionGroup-e9wyj8-2 kRivdF"
          >
            <main
              class="default___StyledMain-e9wyj8-3 kmdLWg"
              style="transition-property: opacity; transition-timing-function: cubic-bezier(0.4, 0, 0.2, 1); transition-duration: 300ms; opacity: 1;"
            >
              <h1>
                default testing
              </h1>
            </main>
          </div>
        </div>
        <footer />
      </div>
    </div>
  </body>,
  "container": <div>
    <div
      class="default___StyledDiv-e9wyj8-0 dBFzVD"
    >
      <header
        class="header___StyledHeader-sc-1s030ou-2 bojRlJ"
      >
        <a
          class="header___StyledA-sc-1s030ou-3 eyqAGb"
          data-testid="logo"
        >
          <span
            class="header___StyledSpan-sc-1s030ou-4 Bwhus"
          >
            <b>
              Admin
            </b>
            LTE
          </span>
        </a>
        <nav
          class="header___StyledNav-sc-1s030ou-5 diCVYK"
        >
          <span
            class="header__StyledSpan-sc-1s030ou-0 header___StyledStyledSpan-sc-1s030ou-1 hpIcQv jNSywt"
            data-testid="menu"
          >
            <svg
              aria-hidden="true"
              class="svg-inline--fa fa-bars fa-w-14 "
              data-icon="bars"
              data-prefix="fas"
              focusable="false"
              role="img"
              viewBox="0 0 448 512"
              xmlns="http://www.w3.org/2000/svg"
            >
              <path
                d="M16 132h416c8.837 0 16-7.163 16-16V76c0-8.837-7.163-16-16-16H16C7.163 60 0 67.163 0 76v40c0 8.837 7.163 16 16 16zm0 160h416c8.837 0 16-7.163 16-16v-40c0-8.837-7.163-16-16-16H16c-8.837 0-16 7.163-16 16v40c0 8.837 7.163 16 16 16zm0 160h416c8.837 0 16-7.163 16-16v-40c0-8.837-7.163-16-16-16H16c-8.837 0-16 7.163-16 16v40c0 8.837 7.163 16 16 16z"
                fill="currentColor"
              />
            </svg>
          </span>
          <div>
            <ul
              class="header___StyledUl-sc-1s030ou-6 hHkawK"
            >
              <li>
                <div
                  data-testid="functions"
                >
                  <span
                    class="header__StyledSpan-sc-1s030ou-0 hpIcQv"
                  >
                    Alexander Pierce
                  </span>
                </div>
              </li>
              <li>
                <span
                  class="header__StyledSpan-sc-1s030ou-0 hpIcQv"
                >
                  <svg
                    aria-hidden="true"
                    class="svg-inline--fa fa-cogs fa-w-20 "
                    data-icon="cogs"
                    data-prefix="fas"
                    focusable="false"
                    role="img"
                    viewBox="0 0 640 512"
                    xmlns="http://www.w3.org/2000/svg"
                  >
                    <path
                      d="M512.1 191l-8.2 14.3c-3 5.3-9.4 7.5-15.1 5.4-11.8-4.4-22.6-10.7-32.1-18.6-4.6-3.8-5.8-10.5-2.8-15.7l8.2-14.3c-6.9-8-12.3-17.3-15.9-27.4h-16.5c-6 0-11.2-4.3-12.2-10.3-2-12-2.1-24.6 0-37.1 1-6 6.2-10.4 12.2-10.4h16.5c3.6-10.1 9-19.4 15.9-27.4l-8.2-14.3c-3-5.2-1.9-11.9 2.8-15.7 9.5-7.9 20.4-14.2 32.1-18.6 5.7-2.1 12.1.1 15.1 5.4l8.2 14.3c10.5-1.9 21.2-1.9 31.7 0L552 6.3c3-5.3 9.4-7.5 15.1-5.4 11.8 4.4 22.6 10.7 32.1 18.6 4.6 3.8 5.8 10.5 2.8 15.7l-8.2 14.3c6.9 8 12.3 17.3 15.9 27.4h16.5c6 0 11.2 4.3 12.2 10.3 2 12 2.1 24.6 0 37.1-1 6-6.2 10.4-12.2 10.4h-16.5c-3.6 10.1-9 19.4-15.9 27.4l8.2 14.3c3 5.2 1.9 11.9-2.8 15.7-9.5 7.9-20.4 14.2-32.1 18.6-5.7 2.1-12.1-.1-15.1-5.4l-8.2-14.3c-10.4 1.9-21.2 1.9-31.7 0zm-10.5-58.8c38.5 29.6 82.4-14.3 52.8-52.8-38.5-29.7-82.4 14.3-52.8 52.8zM386.3 286.1l33.7 16.8c10.1 5.8 14.5 18.1 10.5 29.1-8.9 24.2-26.4 46.4-42.6 65.8-7.4 8.9-20.2 11.1-30.3 5.3l-29.1-16.8c-16 13.7-34.6 24.6-54.9 31.7v33.6c0 11.6-8.3 21.6-19.7 23.6-24.6 4.2-50.4 4.4-75.9 0-11.5-2-20-11.9-20-23.6V418c-20.3-7.2-38.9-18-54.9-31.7L74 403c-10 5.8-22.9 3.6-30.3-5.3-16.2-19.4-33.3-41.6-42.2-65.7-4-10.9.4-23.2 10.5-29.1l33.3-16.8c-3.9-20.9-3.9-42.4 0-63.4L12 205.8c-10.1-5.8-14.6-18.1-10.5-29 8.9-24.2 26-46.4 42.2-65.8 7.4-8.9 20.2-11.1 30.3-5.3l29.1 16.8c16-13.7 34.6-24.6 54.9-31.7V57.1c0-11.5 8.2-21.5 19.6-23.5 24.6-4.2 50.5-4.4 76-.1 11.5 2 20 11.9 20 23.6v33.6c20.3 7.2 38.9 18 54.9 31.7l29.1-16.8c10-5.8 22.9-3.6 30.3 5.3 16.2 19.4 33.2 41.6 42.1 65.8 4 10.9.1 23.2-10 29.1l-33.7 16.8c3.9 21 3.9 42.5 0 63.5zm-117.6 21.1c59.2-77-28.7-164.9-105.7-105.7-59.2 77 28.7 164.9 105.7 105.7zm243.4 182.7l-8.2 14.3c-3 5.3-9.4 7.5-15.1 5.4-11.8-4.4-22.6-10.7-32.1-18.6-4.6-3.8-5.8-10.5-2.8-15.7l8.2-14.3c-6.9-8-12.3-17.3-15.9-27.4h-16.5c-6 0-11.2-4.3-12.2-10.3-2-12-2.1-24.6 0-37.1 1-6 6.2-10.4 12.2-10.4h16.5c3.6-10.1 9-19.4 15.9-27.4l-8.2-14.3c-3-5.2-1.9-11.9 2.8-15.7 9.5-7.9 20.4-14.2 32.1-18.6 5.7-2.1 12.1.1 15.1 5.4l8.2 14.3c10.5-1.9 21.2-1.9 31.7 0l8.2-14.3c3-5.3 9.4-7.5 15.1-5.4 11.8 4.4 22.6 10.7 32.1 18.6 4.6 3.8 5.8 10.5 2.8 15.7l-8.2 14.3c6.9 8 12.3 17.3 15.9 27.4h16.5c6 0 11.2 4.3 12.2 10.3 2 12 2.1 24.6 0 37.1-1 6-6.2 10.4-12.2 10.4h-16.5c-3.6 10.1-9 19.4-15.9 27.4l8.2 14.3c3 5.2 1.9 11.9-2.8 15.7-9.5 7.9-20.4 14.2-32.1 18.6-5.7 2.1-12.1-.1-15.1-5.4l-8.2-14.3c-10.4 1.9-21.2 1.9-31.7 0zM501.6 431c38.5 29.6 82.4-14.3 52.8-52.8-38.5-29.6-82.4 14.3-52.8 52.8z"
                      fill="currentColor"
                    />
                  </svg>
                </span>
              </li>
            </ul>
          </div>
        </nav>
      </header>
      <div
        class="default___StyledDiv2-e9wyj8-1 gFZhWL"
      >
        <div
          class="collapse___StyledDiv-deqgwy-0 bJjHov sidebar___StyledCollapse-sc-15m1zdu-6 jIpnwq"
          role="root"
          style="min-width: 48px; width: 0px;"
        >
          <div
            role="wrapper"
          >
            <aside
              class="sidebar___StyledAside-sc-15m1zdu-7 hzJcaN"
            >
              <ul>
                <li
                  class="sidebar___StyledLi-sc-15m1zdu-0 eEWGUg"
                >
                  <div
                    class="sidebar___StyledDiv-sc-15m1zdu-1 flex items-center justify-start py-3 pr-4 transition-all pl-3"
                  >
                    <svg
                      aria-hidden="true"
                      class="svg-inline--fa fa-cog fa-w-16 !w-3 mr-2"
                      data-icon="cog"
                      data-prefix="fas"
                      focusable="false"
                      role="img"
                      viewBox="0 0 512 512"
                      xmlns="http://www.w3.org/2000/svg"
                    >
                      <path
                        d="M487.4 315.7l-42.6-24.6c4.3-23.2 4.3-47 0-70.2l42.6-24.6c4.9-2.8 7.1-8.6 5.5-14-11.1-35.6-30-67.8-54.7-94.6-3.8-4.1-10-5.1-14.8-2.3L380.8 110c-17.9-15.4-38.5-27.3-60.8-35.1V25.8c0-5.6-3.9-10.5-9.4-11.7-36.7-8.2-74.3-7.8-109.2 0-5.5 1.2-9.4 6.1-9.4 11.7V75c-22.2 7.9-42.8 19.8-60.8 35.1L88.7 85.5c-4.9-2.8-11-1.9-14.8 2.3-24.7 26.7-43.6 58.9-54.7 94.6-1.7 5.4.6 11.2 5.5 14L67.3 221c-4.3 23.2-4.3 47 0 70.2l-42.6 24.6c-4.9 2.8-7.1 8.6-5.5 14 11.1 35.6 30 67.8 54.7 94.6 3.8 4.1 10 5.1 14.8 2.3l42.6-24.6c17.9 15.4 38.5 27.3 60.8 35.1v49.2c0 5.6 3.9 10.5 9.4 11.7 36.7 8.2 74.3 7.8 109.2 0 5.5-1.2 9.4-6.1 9.4-11.7v-49.2c22.2-7.9 42.8-19.8 60.8-35.1l42.6 24.6c4.9 2.8 11 1.9 14.8-2.3 24.7-26.7 43.6-58.9 54.7-94.6 1.5-5.5-.7-11.3-5.6-14.1zM256 336c-44.1 0-80-35.9-80-80s35.9-80 80-80 80 35.9 80 80-35.9 80-80 80z"
                        fill="currentColor"
                      />
                    </svg>
                    <span
                      class="sidebar___StyledSpan-sc-15m1zdu-2 CYwdk"
                    >
                      系統管理
                    </span>
                    <svg
                      aria-hidden="true"
                      class="svg-inline--fa fa-chevron-left fa-w-10 sidebar___StyledFontAwesomeIcon-sc-15m1zdu-3 gTgPKq transform rotate-0"
                      data-icon="chevron-left"
                      data-prefix="fas"
                      focusable="false"
                      role="img"
                      viewBox="0 0 320 512"
                      xmlns="http://www.w3.org/2000/svg"
                    >
                      <path
                        d="M34.52 239.03L228.87 44.69c9.37-9.37 24.57-9.37 33.94 0l22.67 22.67c9.36 9.36 9.37 24.52.04 33.9L131.49 256l154.02 154.75c9.34 9.38 9.32 24.54-.04 33.9l-22.67 22.67c-9.37 9.37-24.57 9.37-33.94 0L34.52 272.97c-9.37-9.37-9.37-24.57 0-33.94z"
                        fill="currentColor"
                      />
                    </svg>
                  </div>
                  <div
                    class="collapse___StyledDiv-deqgwy-0 dISutg"
                    role="root"
                    style="min-height: 0px; max-height: 0px;"
                  >
                    <div
                      role="wrapper"
                    >
                      <ul
                        class="sidebar___StyledUl-sc-15m1zdu-5 gMbmau"
                      >
                        <li
                          class="sidebar___StyledLi-sc-15m1zdu-0 cmTzXe"
                        >
                          <div
                            class="sidebar___StyledDiv-sc-15m1zdu-1 flex items-center justify-start py-3 pr-4 transition-all pl-5"
                          >
                            <svg
                              aria-hidden="true"
                              class="svg-inline--fa fa-user-cog fa-w-20 !w-3 mr-2"
                              data-icon="user-cog"
                              data-prefix="fas"
                              focusable="false"
                              role="img"
                              viewBox="0 0 640 512"
                              xmlns="http://www.w3.org/2000/svg"
                            >
                              <path
                                d="M610.5 373.3c2.6-14.1 2.6-28.5 0-42.6l25.8-14.9c3-1.7 4.3-5.2 3.3-8.5-6.7-21.6-18.2-41.2-33.2-57.4-2.3-2.5-6-3.1-9-1.4l-25.8 14.9c-10.9-9.3-23.4-16.5-36.9-21.3v-29.8c0-3.4-2.4-6.4-5.7-7.1-22.3-5-45-4.8-66.2 0-3.3.7-5.7 3.7-5.7 7.1v29.8c-13.5 4.8-26 12-36.9 21.3l-25.8-14.9c-2.9-1.7-6.7-1.1-9 1.4-15 16.2-26.5 35.8-33.2 57.4-1 3.3.4 6.8 3.3 8.5l25.8 14.9c-2.6 14.1-2.6 28.5 0 42.6l-25.8 14.9c-3 1.7-4.3 5.2-3.3 8.5 6.7 21.6 18.2 41.1 33.2 57.4 2.3 2.5 6 3.1 9 1.4l25.8-14.9c10.9 9.3 23.4 16.5 36.9 21.3v29.8c0 3.4 2.4 6.4 5.7 7.1 22.3 5 45 4.8 66.2 0 3.3-.7 5.7-3.7 5.7-7.1v-29.8c13.5-4.8 26-12 36.9-21.3l25.8 14.9c2.9 1.7 6.7 1.1 9-1.4 15-16.2 26.5-35.8 33.2-57.4 1-3.3-.4-6.8-3.3-8.5l-25.8-14.9zM496 400.5c-26.8 0-48.5-21.8-48.5-48.5s21.8-48.5 48.5-48.5 48.5 21.8 48.5 48.5-21.7 48.5-48.5 48.5zM224 256c70.7 0 128-57.3 128-128S294.7 0 224 0 96 57.3 96 128s57.3 128 128 128zm201.2 226.5c-2.3-1.2-4.6-2.6-6.8-3.9l-7.9 4.6c-6 3.4-12.8 5.3-19.6 5.3-10.9 0-21.4-4.6-28.9-12.6-18.3-19.8-32.3-43.9-40.2-69.6-5.5-17.7 1.9-36.4 17.9-45.7l7.9-4.6c-.1-2.6-.1-5.2 0-7.8l-7.9-4.6c-16-9.2-23.4-28-17.9-45.7.9-2.9 2.2-5.8 3.2-8.7-3.8-.3-7.5-1.2-11.4-1.2h-16.7c-22.2 10.2-46.9 16-72.9 16s-50.6-5.8-72.9-16h-16.7C60.2 288 0 348.2 0 422.4V464c0 26.5 21.5 48 48 48h352c10.1 0 19.5-3.2 27.2-8.5-1.2-3.8-2-7.7-2-11.8v-9.2z"
                                fill="currentColor"
                              />
                            </svg>
                            <span
                              class="sidebar___StyledSpan-sc-15m1zdu-2 CYwdk"
                            >
                              帳號管理
                            </span>
                          </div>
                          <div
                            class="collapse___StyledDiv-deqgwy-0 dISutg"
                            role="root"
                            style="min-height: 0px; max-height: 0px;"
                          >
                            <div
                              role="wrapper"
                            />
                          </div>
                        </li>
                        <li
                          class="sidebar___StyledLi-sc-15m1zdu-0 cmTzXe"
                        >
                          <div
                            class="sidebar___StyledDiv-sc-15m1zdu-1 flex items-center justify-start py-3 pr-4 transition-all pl-5"
                          >
                            <svg
                              aria-hidden="true"
                              class="svg-inline--fa fa-user-tie fa-w-14 !w-3 mr-2"
                              data-icon="user-tie"
                              data-prefix="fas"
                              focusable="false"
                              role="img"
                              viewBox="0 0 448 512"
                              xmlns="http://www.w3.org/2000/svg"
                            >
                              <path
                                d="M224 256c70.7 0 128-57.3 128-128S294.7 0 224 0 96 57.3 96 128s57.3 128 128 128zm95.8 32.6L272 480l-32-136 32-56h-96l32 56-32 136-47.8-191.4C56.9 292 0 350.3 0 422.4V464c0 26.5 21.5 48 48 48h352c26.5 0 48-21.5 48-48v-41.6c0-72.1-56.9-130.4-128.2-133.8z"
                                fill="currentColor"
                              />
                            </svg>
                            <span
                              class="sidebar___StyledSpan-sc-15m1zdu-2 CYwdk"
                            >
                              角色管理
                            </span>
                          </div>
                          <div
                            class="collapse___StyledDiv-deqgwy-0 dISutg"
                            role="root"
                            style="min-height: 0px; max-height: 0px;"
                          >
                            <div
                              role="wrapper"
                            />
                          </div>
                        </li>
                      </ul>
                    </div>
                  </div>
                </li>
                <li
                  class="sidebar___StyledLi-sc-15m1zdu-0 eEWGUg"
                >
                  <div
                    class="sidebar___StyledDiv-sc-15m1zdu-1 flex items-center justify-start py-3 pr-4 transition-all pl-3"
                  >
                    <svg
                      aria-hidden="true"
                      class="svg-inline--fa fa-tachometer-alt fa-w-18 !w-3 mr-2"
                      data-icon="tachometer-alt"
                      data-prefix="fas"
                      focusable="false"
                      role="img"
                      viewBox="0 0 576 512"
                      xmlns="http://www.w3.org/2000/svg"
                    >
                      <path
                        d="M288 32C128.94 32 0 160.94 0 320c0 52.8 14.25 102.26 39.06 144.8 5.61 9.62 16.3 15.2 27.44 15.2h443c11.14 0 21.83-5.58 27.44-15.2C561.75 422.26 576 372.8 576 320c0-159.06-128.94-288-288-288zm0 64c14.71 0 26.58 10.13 30.32 23.65-1.11 2.26-2.64 4.23-3.45 6.67l-9.22 27.67c-5.13 3.49-10.97 6.01-17.64 6.01-17.67 0-32-14.33-32-32S270.33 96 288 96zM96 384c-17.67 0-32-14.33-32-32s14.33-32 32-32 32 14.33 32 32-14.33 32-32 32zm48-160c-17.67 0-32-14.33-32-32s14.33-32 32-32 32 14.33 32 32-14.33 32-32 32zm246.77-72.41l-61.33 184C343.13 347.33 352 364.54 352 384c0 11.72-3.38 22.55-8.88 32H232.88c-5.5-9.45-8.88-20.28-8.88-32 0-33.94 26.5-61.43 59.9-63.59l61.34-184.01c4.17-12.56 17.73-19.45 30.36-15.17 12.57 4.19 19.35 17.79 15.17 30.36zm14.66 57.2l15.52-46.55c3.47-1.29 7.13-2.23 11.05-2.23 17.67 0 32 14.33 32 32s-14.33 32-32 32c-11.38-.01-20.89-6.28-26.57-15.22zM480 384c-17.67 0-32-14.33-32-32s14.33-32 32-32 32 14.33 32 32-14.33 32-32 32z"
                        fill="currentColor"
                      />
                    </svg>
                    <span
                      class="sidebar___StyledSpan-sc-15m1zdu-2 CYwdk"
                    >
                      About
                    </span>
                  </div>
                  <div
                    class="collapse___StyledDiv-deqgwy-0 dISutg"
                    role="root"
                    style="min-height: 0px; max-height: 0px;"
                  >
                    <div
                      role="wrapper"
                    />
                  </div>
                </li>
              </ul>
            </aside>
          </div>
        </div>
        <div
          class="default___StyledTransitionGroup-e9wyj8-2 kRivdF"
        >
          <main
            class="default___StyledMain-e9wyj8-3 kmdLWg"
            style="transition-property: opacity; transition-timing-function: cubic-bezier(0.4, 0, 0.2, 1); transition-duration: 300ms; opacity: 1;"
          >
            <h1>
              default testing
            </h1>
          </main>
        </div>
      </div>
      <footer />
    </div>
  </div>,
  "debug": [Function],
  "findAllByAltText": [Function],
  "findAllByDisplayValue": [Function],
  "findAllByLabelText": [Function],
  "findAllByPlaceholderText": [Function],
  "findAllByRole": [Function],
  "findAllByTestId": [Function],
  "findAllByText": [Function],
  "findAllByTitle": [Function],
  "findByAltText": [Function],
  "findByDisplayValue": [Function],
  "findByLabelText": [Function],
  "findByPlaceholderText": [Function],
  "findByRole": [Function],
  "findByTestId": [Function],
  "findByText": [Function],
  "findByTitle": [Function],
  "getAllByAltText": [Function],
  "getAllByDisplayValue": [Function],
  "getAllByLabelText": [Function],
  "getAllByPlaceholderText": [Function],
  "getAllByRole": [Function],
  "getAllByTestId": [Function],
  "getAllByText": [Function],
  "getAllByTitle": [Function],
  "getByAltText": [Function],
  "getByDisplayValue": [Function],
  "getByLabelText": [Function],
  "getByPlaceholderText": [Function],
  "getByRole": [Function],
  "getByTestId": [Function],
  "getByText": [Function],
  "getByTitle": [Function],
  "queryAllByAltText": [Function],
  "queryAllByDisplayValue": [Function],
  "queryAllByLabelText": [Function],
  "queryAllByPlaceholderText": [Function],
  "queryAllByRole": [Function],
  "queryAllByTestId": [Function],
  "queryAllByText": [Function],
  "queryAllByTitle": [Function],
  "queryByAltText": [Function],
  "queryByDisplayValue": [Function],
  "queryByLabelText": [Function],
  "queryByPlaceholderText": [Function],
  "queryByRole": [Function],
  "queryByTestId": [Function],
  "queryByText": [Function],
  "queryByTitle": [Function],
  "rerender": [Function],
  "unmount": [Function],
}
`;
